--------------------------------------------------------------------------------------
Timing Analyzer Summary
--------------------------------------------------------------------------------------

Type           : Worst-case tsu
Slack          : N/A
Required Time  : None
Actual Time    : 2.519 ns
From           : sel[2]
To             : lab42:dd|decoder_3x8:xx|out[0]
From Clock     : --
To Clock       : sel[2]
Failed Paths   : 0

Type           : Worst-case tco
Slack          : N/A
Required Time  : None
Actual Time    : 9.586 ns
From           : lab42:dd|decoder_3x8:xx|out[3]
To             : out
From Clock     : sel[0]
To Clock       : --
Failed Paths   : 0

Type           : Worst-case tpd
Slack          : N/A
Required Time  : None
Actual Time    : 10.689 ns
From           : in[19]
To             : out
From Clock     : --
To Clock       : --
Failed Paths   : 0

Type           : Worst-case th
Slack          : N/A
Required Time  : None
Actual Time    : -1.300 ns
From           : sel[0]
To             : lab42:dd|decoder_3x8:xx|out[1]
From Clock     : --
To Clock       : sel[0]
Failed Paths   : 0

Type           : Total number of failed paths
Slack          : 
Required Time  : 
Actual Time    : 
From           : 
To             : 
From Clock     : 
To Clock       : 
Failed Paths   : 0

--------------------------------------------------------------------------------------

